// Jest Snapshot v1, https://goo.gl/fbAQLP

exports[`App.vue it has the correct pristine / empty state 1`] = `
<div
  class="recorder"
  id="headless-recorder"
>
  <div
    class="header"
  >
    <a
      href="#"
    >
      
      Datail Headless recorder 
      <span
        class="text-muted"
      >
        <small>
          0.8.2
        </small>
      </span>
    </a>
     
    <div
      class="left"
    >
      <div
        class="recording-badge"
        style="display: none;"
      >
        <span
          class="red-dot"
        />
        
        recording
      
      </div>
       
      <a
        class="header-button"
        href="#"
      >
        <img
          alt="help"
          src="/images/help.svg"
          width="18px"
        />
      </a>
       
      <a
        class="header-button"
        href="#"
      >
        <img
          alt="settings"
          src="/images/settings.svg"
          width="18px"
        />
      </a>
    </div>
  </div>
   
  <div
    class="main"
  >
    <div
      class="tabs"
    >
      <recordingtab-stub
        code=""
        liveevents=""
      />
       
      <div
        class="recording-footer"
      >
        <div>
          <button
            class="btn btn-sm btn-primary"
            style="display: none;"
          >
            
            Close Step
          
          </button>
           
          <button
            class="btn btn-sm btn-primary"
          >
            
            Record
          
          </button>
           
          <button
            class="btn btn-sm btn-danger"
            style="display: none;"
          >
            
            Record
          
          </button>
           
          <button
            class="btn btn-sm btn-primary btn-outline-primary"
            style="display: none;"
          >
            
            Pause
          
          </button>
        </div>
         
        <div
          style="display: none;"
        >
          <button
            class="btn btn-sm btn-primary btn-outline-primary"
            style="display: none;"
          >
            
            Cancel
          
          </button>
           
          <input
            class="input"
            placeholder="Step name"
            style="padding: 5px; width: 120px;"
            type="text"
          />
           
          <button
            class="btn btn-sm btn-primary"
            style="display: none;"
          >
            
            Close Step
          
          </button>
           
          <button
            class="btn btn-sm btn-danger"
            style="display: none;"
          >
            
            Record
          
          </button>
        </div>
         
        <a
          href="#"
          style="display: none;"
        >
          view code
        </a>
         
        <checklybadge-stub />
      </div>
       
      <!---->
       
      <div
        class="results-footer"
        style="display: none;"
      >
        <button
          class="btn btn-sm btn-primary"
          style="display: none;"
        >
          Restart
        </button>
         
        <a
          href="#"
          style="display: none;"
        >
          copy to clipboard
        </a>
      </div>
    </div>
     
    <helptab-stub
      style="display: none;"
    />
  </div>
</div>
`;
